../Drivers/CMSIS/Include/core_cm7.h:2229:22:SCB_EnableICache	4	static,ignoring_inline_asm
../Drivers/CMSIS/Include/core_cm7.h:2281:22:SCB_EnableDCache	24	static,ignoring_inline_asm
../Core/Src/main.c:131:5:main	48	static
../Core/Src/main.c:239:6:SystemClock_Config	88	static
../Core/Src/main.c:296:6:PeriphCommonClock_Config	144	static
../Core/Src/main.c:324:13:MX_ADC3_Init	24	static
../Core/Src/main.c:376:13:MX_CRC_Init	8	static
../Core/Src/main.c:407:13:MX_DCMI_Init	8	static
../Core/Src/main.c:444:13:MX_DMA2D_Init	8	static
../Core/Src/main.c:481:13:MX_I2C1_Init	8	static
../Core/Src/main.c:529:13:MX_I2C3_Init	8	static
../Core/Src/main.c:577:13:MX_LTDC_Init	64	static
../Core/Src/main.c:639:13:MX_QUADSPI_Init	8	static
../Core/Src/main.c:674:13:MX_RTC_Init	72	static
../Core/Src/main.c:770:13:MX_SAI2_Init	8	static
../Core/Src/main.c:845:13:MX_SDMMC1_SD_Init	4	static
../Core/Src/main.c:873:13:MX_SPDIFRX_Init	8	static
../Core/Src/main.c:909:13:MX_SPI2_Init	8	static
../Core/Src/main.c:949:13:MX_TIM1_Init	112	static
../Core/Src/main.c:1029:13:MX_TIM2_Init	64	static
../Core/Src/main.c:1088:13:MX_TIM3_Init	64	static
../Core/Src/main.c:1147:13:MX_TIM5_Init	64	static
../Core/Src/main.c:1206:13:MX_TIM8_Init	40	static
../Core/Src/main.c:1253:13:MX_TIM12_Init	40	static
../Core/Src/main.c:1295:13:MX_USART1_UART_Init	8	static
../Core/Src/main.c:1330:13:MX_USART6_UART_Init	8	static
../Core/Src/main.c:1361:13:MX_FMC_Init	40	static
../Core/Src/main.c:1412:13:MX_GPIO_Init	72	static
../Core/Src/main.c:1581:6:StartDefaultTask	16	static
../Core/Src/main.c:1606:6:HAL_TIM_PeriodElapsedCallback	16	static
../Core/Src/main.c:1623:6:Error_Handler	4	static,ignoring_inline_asm
